// Jest Snapshot v1, https://goo.gl/fbAQLP

exports[`<ContentError /> should match snapshot 1`] = `
<ContentError>
  <ContentContainer
    direction="flex-row"
  >
    <div
      className="my-8 flex flex-grow bg-white rounded-lg shadow-xl flex-row"
    >
      <div
        className="flex flex-col items-center justify-center"
      >
        <div
          className="ml-8"
        >
          <h1
            className="text-5xl whitespace-normal leading-tight font-bold"
            style={
              Object {
                "fontFamily": "Raleway, sans-serif",
              }
            }
          >
            A server error has occurred.
          </h1>
          <p
            className="text-gray-700 text-xl mt-2 mb-5"
          >
            Please try again later
          </p>
        </div>
        <img
          alt="Man looking at map"
          className="w-3/5"
          src="test-file-stub"
        />
      </div>
    </div>
  </ContentContainer>
</ContentError>
`;
